[themeforest.wprealizer.com/preview-saasto/sassto/index-2.html]
[backblue.gif]
[fade.gif]
[index.html]
[themeforest.wprealizer.com/preview-saasto/sassto/assets/images/favicon.png]
[themeforest.wprealizer.com/preview-saasto/sassto/assets/css/bootstrap-icons.css]
[themeforest.wprealizer.com/preview-saasto/sassto/assets/css/animate.css]
[themeforest.wprealizer.com/preview-saasto/sassto/assets/css/swiper-bundle.min.css]
[themeforest.wprealizer.com/preview-saasto/sassto/assets/css/bootstrap.min.css]
[themeforest.wprealizer.com/preview-saasto/sassto/assets/css/style.css]
[themeforest.wprealizer.com/preview-saasto/sassto/assets/css/responsive.css]
[themeforest.wprealizer.com/preview-saasto/sassto/assets/images/sassto-fav-big.png]
[themeforest.wprealizer.com/preview-saasto/sassto/index.html]
[themeforest.wprealizer.com/preview-saasto/sassto/assets/images/logo-v2.png]
[themeforest.wprealizer.com/preview-saasto/sassto/index-3.html]
[themeforest.wprealizer.com/preview-saasto/sassto/about.html]
[themeforest.wprealizer.com/preview-saasto/sassto/service.html]
[themeforest.wprealizer.com/preview-saasto/sassto/service-details.html]
[themeforest.wprealizer.com/preview-saasto/sassto/blog.html]
[themeforest.wprealizer.com/preview-saasto/sassto/blog-details.html]
[themeforest.wprealizer.com/preview-saasto/sassto/contact.html]
[themeforest.wprealizer.com/preview-saasto/sassto/login.html]
[themeforest.wprealizer.com/preview-saasto/sassto/signup.html]
[themeforest.wprealizer.com/preview-saasto/sassto/assets/images/hero/hero-mobil-screen.png]
[themeforest.wprealizer.com/preview-saasto/sassto/assets/images/shapes/hero-two-ball.png]
[themeforest.wprealizer.com/preview-saasto/sassto/assets/images/shapes/hero-two-sheet.png]
[themeforest.wprealizer.com/preview-saasto/sassto/assets/images/shapes/text-cuntom-underline.svg]
[themeforest.wprealizer.com/preview-saasto/sassto/assets/images/shapes/3d_rocket.png]
[themeforest.wprealizer.com/preview-saasto/sassto/assets/images/Icons/task-list-icon.svg]
[themeforest.wprealizer.com/preview-saasto/sassto/assets/images/Icons/bell-icon.svg]
[themeforest.wprealizer.com/preview-saasto/sassto/assets/images/Icons/agenda-icon.svg]
[themeforest.wprealizer.com/preview-saasto/sassto/assets/images/screen/feature-two-main-screen.png]
[themeforest.wprealizer.com/preview-saasto/sassto/assets/images/shapes/feature-sheet.png]
[themeforest.wprealizer.com/preview-saasto/sassto/assets/images/screen/feature-two-screen-one.png]
[themeforest.wprealizer.com/preview-saasto/sassto/assets/images/screen/feature-two-screen-two.png]
[themeforest.wprealizer.com/preview-saasto/sassto/assets/images/screen/feature-two-screen-three.png]
[themeforest.wprealizer.com/preview-saasto/sassto/assets/images/Icons/tracker-icon.svg]
[themeforest.wprealizer.com/preview-saasto/sassto/assets/images/Icons/dashbord-icon.svg]
[themeforest.wprealizer.com/preview-saasto/sassto/assets/images/Icons/calendar-icon-2.svg]
[themeforest.wprealizer.com/preview-saasto/sassto/assets/images/shapes/3D-focus.png]
[themeforest.wprealizer.com/preview-saasto/sassto/assets/images/shapes/3d-bord.png]
[themeforest.wprealizer.com/preview-saasto/sassto/assets/images/Icons/min-icon-xl.svg]
[themeforest.wprealizer.com/preview-saasto/sassto/assets/images/Icons/hourglass-icon-xl.svg]
[themeforest.wprealizer.com/preview-saasto/sassto/assets/images/Icons/wallet-icon-xl.svg]
[themeforest.wprealizer.com/preview-saasto/sassto/assets/images/screen/feature-three-screen-one.png]
[themeforest.wprealizer.com/preview-saasto/sassto/assets/images/screen/feature-three-screen-two.png]
[themeforest.wprealizer.com/preview-saasto/sassto/assets/images/screen/feature-three-screen-three.png]
[themeforest.wprealizer.com/preview-saasto/sassto/assets/images/shapes/3d-joy-icon.png]
[themeforest.wprealizer.com/preview-saasto/sassto/assets/images/shapes/3d-hourbox.png]
[themeforest.wprealizer.com/preview-saasto/sassto/assets/images/client-logo/client-one.png]
[themeforest.wprealizer.com/preview-saasto/sassto/assets/images/client-logo/client-three.png]
[themeforest.wprealizer.com/preview-saasto/sassto/assets/images/client-logo/client-five.png]
[themeforest.wprealizer.com/preview-saasto/sassto/assets/images/client-logo/client-two.png]
[themeforest.wprealizer.com/preview-saasto/sassto/assets/images/client-logo/client-four.png]
[themeforest.wprealizer.com/preview-saasto/sassto/assets/images/shapes/testi-thumb-man-1.png]
[themeforest.wprealizer.com/preview-saasto/sassto/assets/images/screen/download-app-screen.png]
[themeforest.wprealizer.com/preview-saasto/sassto/assets/images/logo.png]
[themeforest.wprealizer.com/preview-saasto/sassto/assets/js/jquery-3.6.0.min.js]
[themeforest.wprealizer.com/preview-saasto/sassto/assets/js/bootstrap.bundle.min.js]
[themeforest.wprealizer.com/preview-saasto/sassto/assets/js/swiper-bundle.min.js]
[themeforest.wprealizer.com/preview-saasto/sassto/assets/js/wow.min.js]
[themeforest.wprealizer.com/preview-saasto/sassto/index-2.html]
[themeforest.wprealizer.com/preview-saasto/sassto/assets/js/main.js]
[themeforest.wprealizer.com/preview-saasto/sassto/assets/fonts/bootstrap-icons.woff2]
[themeforest.wprealizer.com/preview-saasto/sassto/assets/css/bootstrap-icons.css]
[themeforest.wprealizer.com/preview-saasto/sassto/assets/css/animate.css]
[themeforest.wprealizer.com/preview-saasto/sassto/assets/css/swiper-bundle.min.css]
[themeforest.wprealizer.com/preview-saasto/sassto/assets/css/bootstrap.min.css]
[themeforest.wprealizer.com/preview-saasto/sassto/assets/fonts/bootstrap-icons.woff]
[themeforest.wprealizer.com/preview-saasto/sassto/assets/images/backgrounds/inner-bg.png]
[themeforest.wprealizer.com/preview-saasto/sassto/assets/images/backgrounds/home-bg-one.png]
[themeforest.wprealizer.com/preview-saasto/sassto/assets/images/backgrounds/home-bg-two.png]
[themeforest.wprealizer.com/preview-saasto/sassto/assets/images/hero/hero-bg-2.png]
[themeforest.wprealizer.com/preview-saasto/sassto/assets/images/shapes/fun-fact-bg.png]
[themeforest.wprealizer.com/preview-saasto/sassto/assets/images/shapes/testimonial-bg-2.png]
[themeforest.wprealizer.com/preview-saasto/sassto/assets/images/shapes/download-app-bg.png]
[themeforest.wprealizer.com/preview-saasto/sassto/assets/images/shapes/team-bg.png]
[themeforest.wprealizer.com/preview-saasto/sassto/assets/css/style.css]
[themeforest.wprealizer.com/preview-saasto/sassto/assets/css/responsive.css]
[themeforest.wprealizer.com/preview-saasto/sassto/assets/images/shapes/shape-wave.svg]
[themeforest.wprealizer.com/preview-saasto/sassto/assets/images/shapes/hero-dots-one.svg]
[themeforest.wprealizer.com/preview-saasto/sassto/assets/images/shapes/hero-idea-icon.png]
[themeforest.wprealizer.com/preview-saasto/sassto/assets/images/shapes/hero-line-vactor.svg]
[themeforest.wprealizer.com/preview-saasto/sassto/assets/images/shapes/hero-carve.png]
[themeforest.wprealizer.com/preview-saasto/sassto/assets/images/hero/hero-graph-2.png]
[themeforest.wprealizer.com/preview-saasto/sassto/assets/images/shapes/hero-dots.svg]
[themeforest.wprealizer.com/preview-saasto/sassto/assets/images/hero/hero-graph-1.png]
[themeforest.wprealizer.com/preview-saasto/sassto/assets/images/hero/hero-graph-4.png]
[themeforest.wprealizer.com/preview-saasto/sassto/assets/images/hero/hero-graph-3.png]
[themeforest.wprealizer.com/preview-saasto/sassto/assets/images/Icons/user_three.svg]
[themeforest.wprealizer.com/preview-saasto/sassto/assets/images/Icons/download.svg]
[themeforest.wprealizer.com/preview-saasto/sassto/assets/images/Icons/user_two.svg]
[themeforest.wprealizer.com/preview-saasto/sassto/assets/images/Icons/time-circle.svg]
[themeforest.wprealizer.com/preview-saasto/sassto/assets/images/Icons/Chart.svg]
[themeforest.wprealizer.com/preview-saasto/sassto/assets/images/Icons/Graph.svg]
[themeforest.wprealizer.com/preview-saasto/sassto/assets/images/screen/feature-screen1.png]
[themeforest.wprealizer.com/preview-saasto/sassto/assets/images/shapes/balon-icon.png]
[themeforest.wprealizer.com/preview-saasto/sassto/assets/images/shapes/features-line-vactor.svg]
[themeforest.wprealizer.com/preview-saasto/sassto/assets/images/shapes/features-dots.svg]
[themeforest.wprealizer.com/preview-saasto/sassto/assets/images/screen/feature-one-screen-one.png]
[themeforest.wprealizer.com/preview-saasto/sassto/assets/images/screen/feature-one-screen-three.png]
[themeforest.wprealizer.com/preview-saasto/sassto/assets/images/screen/feature-one-screen-two.png]
[themeforest.wprealizer.com/preview-saasto/sassto/assets/images/screen/feature-screen3.png]
[themeforest.wprealizer.com/preview-saasto/sassto/assets/images/shapes/mobil-map.png]
[themeforest.wprealizer.com/preview-saasto/sassto/assets/images/shapes/dot-map-body.png]
[themeforest.wprealizer.com/preview-saasto/sassto/assets/images/shapes/flag-1.png]
[themeforest.wprealizer.com/preview-saasto/sassto/assets/images/shapes/flag-3.png]
[themeforest.wprealizer.com/preview-saasto/sassto/assets/images/shapes/flag-2.png]
[themeforest.wprealizer.com/preview-saasto/sassto/assets/images/shapes/flag-4.png]
[themeforest.wprealizer.com/preview-saasto/sassto/assets/images/shapes/flag-5.png]
[themeforest.wprealizer.com/preview-saasto/sassto/assets/images/shapes/flag-6.png]
[themeforest.wprealizer.com/preview-saasto/sassto/assets/images/shapes/flag-7.png]
[themeforest.wprealizer.com/preview-saasto/sassto/assets/images/shapes/flag-8.png]
[themeforest.wprealizer.com/preview-saasto/sassto/assets/images/shapes/testi-avater-3.png]
[themeforest.wprealizer.com/preview-saasto/sassto/assets/images/shapes/testi-avater-1.png]
[themeforest.wprealizer.com/preview-saasto/sassto/assets/images/shapes/testi-avater-2.png]
[themeforest.wprealizer.com/preview-saasto/sassto/assets/images/shapes/testimonial-avater-xl.png]
[themeforest.wprealizer.com/preview-saasto/sassto/assets/images/shapes/testimonial-avater-xl2.png]
[themeforest.wprealizer.com/preview-saasto/sassto/assets/images/blog/blog-thumb-1.png]
[themeforest.wprealizer.com/preview-saasto/sassto/assets/images/blog/blog-thumb-2.png]
[themeforest.wprealizer.com/preview-saasto/sassto/assets/images/blog/blog-thumb-3.png]
[themeforest.wprealizer.com/preview-saasto/sassto/index.html]
[themeforest.wprealizer.com/preview-saasto/sassto/assets/images/Icons/form-Icon.svg]
[themeforest.wprealizer.com/preview-saasto/sassto/assets/images/logo-v3.png]
[themeforest.wprealizer.com/preview-saasto/sassto/assets/images/shapes/hero-three-dots-shape.png]
[themeforest.wprealizer.com/preview-saasto/sassto/assets/images/shapes/ring-text-highlighter.svg]
[themeforest.wprealizer.com/preview-saasto/sassto/assets/images/screen/hero-screen-3.png]
[themeforest.wprealizer.com/preview-saasto/sassto/assets/images/screen/hero-three-animated-kit.png]
[themeforest.wprealizer.com/preview-saasto/sassto/assets/images/screen/hero-three-animated-kit-two.png]
[themeforest.wprealizer.com/preview-saasto/sassto/assets/images/screen/features-four-screen-group.png]
[themeforest.wprealizer.com/preview-saasto/sassto/assets/images/screen/feature-four-flort.png]
[themeforest.wprealizer.com/preview-saasto/sassto/assets/images/shapes/ring-text-highlighter-two.svg]
[themeforest.wprealizer.com/preview-saasto/sassto/assets/images/screen/feature-screen-five.png]
[themeforest.wprealizer.com/preview-saasto/sassto/assets/images/screen/features-five-animi.png]
[themeforest.wprealizer.com/preview-saasto/sassto/assets/images/shapes/ring-text-highlighter-three.svg]
[themeforest.wprealizer.com/preview-saasto/sassto/assets/images/Icons/swap-icon-g.svg]
[themeforest.wprealizer.com/preview-saasto/sassto/assets/images/Icons/wallet-icon-g.svg]
[themeforest.wprealizer.com/preview-saasto/sassto/assets/images/Icons/paper-plus-icon-g.svg]
[themeforest.wprealizer.com/preview-saasto/sassto/assets/images/Icons/history-icon-g.svg]
[themeforest.wprealizer.com/preview-saasto/sassto/assets/images/screen/feature-six-screen.png]
[themeforest.wprealizer.com/preview-saasto/sassto/assets/images/shapes/ring-text-highlighter-four.svg]
[themeforest.wprealizer.com/preview-saasto/sassto/assets/images/reviewers/testi-three-avater-one.png]
[themeforest.wprealizer.com/preview-saasto/sassto/assets/images/reviewers/testi-three-avater-two.png]
[themeforest.wprealizer.com/preview-saasto/sassto/assets/images/reviewers/testi-three-avater-three.png]
[themeforest.wprealizer.com/preview-saasto/sassto/assets/images/reviewers/testi-three-avater-four.png]
[themeforest.wprealizer.com/preview-saasto/sassto/assets/images/reviewers/testi-three-avater-five.png]
[themeforest.wprealizer.com/preview-saasto/sassto/assets/images/client-logo/client-logo-one.png]
[themeforest.wprealizer.com/preview-saasto/sassto/assets/images/client-logo/client-logo-four.png]
[themeforest.wprealizer.com/preview-saasto/sassto/assets/images/client-logo/client-logo-two.png]
[themeforest.wprealizer.com/preview-saasto/sassto/assets/images/client-logo/client-logo-three.png]
[themeforest.wprealizer.com/preview-saasto/sassto/assets/images/Icons/green-doller-icon.svg]
[themeforest.wprealizer.com/preview-saasto/sassto/assets/images/payment/payment-method-one.png]
[themeforest.wprealizer.com/preview-saasto/sassto/assets/images/payment/payment-method-two.png]
[themeforest.wprealizer.com/preview-saasto/sassto/assets/images/payment/payment-method-three.png]
[themeforest.wprealizer.com/preview-saasto/sassto/assets/images/payment/payment-method-four.png]
[themeforest.wprealizer.com/preview-saasto/sassto/assets/images/Icons/green-lock-icon.svg]
[themeforest.wprealizer.com/preview-saasto/sassto/assets/images/Icons/green-finger-icon.svg]
[themeforest.wprealizer.com/preview-saasto/sassto/assets/images/Icons/green-qr-icon.svg]
[themeforest.wprealizer.com/preview-saasto/sassto/assets/images/screen/register-one-screen.png]
[themeforest.wprealizer.com/preview-saasto/sassto/index-3.html]
[themeforest.wprealizer.com/preview-saasto/sassto/assets/images/shapes/line-svg-blue.svg]
[themeforest.wprealizer.com/preview-saasto/sassto/assets/images/shapes/line-svg-yellow.svg]
[themeforest.wprealizer.com/preview-saasto/sassto/assets/images/screen/about-screen-one.png]
[themeforest.wprealizer.com/preview-saasto/sassto/assets/images/screen/about-screent-two.png]
[themeforest.wprealizer.com/preview-saasto/sassto/assets/images/client-logo/cus-logo-one.png]
[themeforest.wprealizer.com/preview-saasto/sassto/assets/images/client-logo/cus-client-logo-two.png]
[themeforest.wprealizer.com/preview-saasto/sassto/assets/images/client-logo/cus-client-logo-three.png]
[themeforest.wprealizer.com/preview-saasto/sassto/assets/images/client-logo/cus-client-logo-four.png]
[themeforest.wprealizer.com/preview-saasto/sassto/assets/images/shapes/experience-bg.png]
[themeforest.wprealizer.com/preview-saasto/sassto/assets/images/screen/experince-screen-one.png]
[themeforest.wprealizer.com/preview-saasto/sassto/assets/images/screen/experince-screen-two.png]
[themeforest.wprealizer.com/preview-saasto/sassto/assets/images/screen/experince-screen-three.png]
[themeforest.wprealizer.com/preview-saasto/sassto/about.html]
[themeforest.wprealizer.com/preview-saasto/sassto/assets/images/Icons/tick-square-icon.svg]
[themeforest.wprealizer.com/preview-saasto/sassto/assets/images/shapes/hero-square-dots.png]
[themeforest.wprealizer.com/preview-saasto/sassto/assets/images/service/service-one.png]
[themeforest.wprealizer.com/preview-saasto/sassto/assets/images/service/service-three.png]
[themeforest.wprealizer.com/preview-saasto/sassto/assets/images/Icons/line-chart.svg]
[themeforest.wprealizer.com/preview-saasto/sassto/assets/images/team/team-one.png]
[themeforest.wprealizer.com/preview-saasto/sassto/assets/images/team/team-two.png]
[themeforest.wprealizer.com/preview-saasto/sassto/assets/images/team/team-three.png]
[themeforest.wprealizer.com/preview-saasto/sassto/service.html]
[themeforest.wprealizer.com/preview-saasto/sassto/assets/images/shapes/service-details-shape.png]
[themeforest.wprealizer.com/preview-saasto/sassto/assets/images/service/process-one.png]
[themeforest.wprealizer.com/preview-saasto/sassto/assets/images/service/process-two.png]
[themeforest.wprealizer.com/preview-saasto/sassto/assets/images/service/process-three.png]
[themeforest.wprealizer.com/preview-saasto/sassto/assets/images/service/process-four.png]
[themeforest.wprealizer.com/preview-saasto/sassto/assets/images/service/service-thumb.png]
[themeforest.wprealizer.com/preview-saasto/sassto/assets/images/blog/featured-blog-img-two.png]
[themeforest.wprealizer.com/preview-saasto/sassto/service-details.html]
[themeforest.wprealizer.com/preview-saasto/sassto/assets/images/blog/featured-blog-thumb.png]
[themeforest.wprealizer.com/preview-saasto/sassto/assets/images/blog/thumb-sm-one.png]
[themeforest.wprealizer.com/preview-saasto/sassto/assets/images/blog/thumb-sm-two.png]
[themeforest.wprealizer.com/preview-saasto/sassto/assets/images/blog/blog-featured-image.png]
[themeforest.wprealizer.com/preview-saasto/sassto/assets/images/blog/blog-card-xl-one.png]
[themeforest.wprealizer.com/preview-saasto/sassto/assets/images/blog/blog-card-xl-two.png]
[themeforest.wprealizer.com/preview-saasto/sassto/assets/images/blog/blog-sm-five.png]
[themeforest.wprealizer.com/preview-saasto/sassto/assets/images/blog/blog-sm-four.png]
[themeforest.wprealizer.com/preview-saasto/sassto/assets/images/blog/blog-sm-three.png]
[themeforest.wprealizer.com/preview-saasto/sassto/assets/images/blog/blog-sm-six.png]
[themeforest.wprealizer.com/preview-saasto/sassto/blog.html]
[themeforest.wprealizer.com/preview-saasto/sassto/assets/images/blog/blog-d-thumb.png]
[themeforest.wprealizer.com/preview-saasto/sassto/assets/images/blog/blog-d-inner.png]
[themeforest.wprealizer.com/preview-saasto/sassto/blog-details.html]
[themeforest.wprealizer.com/preview-saasto/sassto/contact.html]
[themeforest.wprealizer.com/cdn-cgi/scripts/5c5dd728/cloudflare-static/email-decode.min.js]
[themeforest.wprealizer.com/preview-saasto/sassto/assets/images/reg/login-illustration.png]
[themeforest.wprealizer.com/preview-saasto/sassto/login.html]
[themeforest.wprealizer.com/preview-saasto/sassto/signup.html]
[themeforest.wprealizer.com/preview-saasto/sassto/assets/images/shapes/text-cuntom-underline.svg]
[themeforest.wprealizer.com/preview-saasto/sassto/assets/images/Icons/task-list-icon.svg]
[themeforest.wprealizer.com/preview-saasto/sassto/assets/images/Icons/bell-icon.svg]
[themeforest.wprealizer.com/preview-saasto/sassto/assets/images/Icons/agenda-icon.svg]
[themeforest.wprealizer.com/preview-saasto/sassto/assets/images/Icons/tracker-icon.svg]
[themeforest.wprealizer.com/preview-saasto/sassto/assets/images/Icons/dashbord-icon.svg]
[themeforest.wprealizer.com/preview-saasto/sassto/assets/images/Icons/calendar-icon-2.svg]
[themeforest.wprealizer.com/preview-saasto/sassto/assets/images/Icons/min-icon-xl.svg]
[themeforest.wprealizer.com/preview-saasto/sassto/assets/images/Icons/hourglass-icon-xl.svg]
[themeforest.wprealizer.com/preview-saasto/sassto/assets/images/Icons/wallet-icon-xl.svg]
[themeforest.wprealizer.com/preview-saasto/sassto/assets/images/shapes/shape-wave.svg]
[themeforest.wprealizer.com/preview-saasto/sassto/assets/images/shapes/hero-dots-one.svg]
[themeforest.wprealizer.com/preview-saasto/sassto/assets/images/shapes/hero-line-vactor.svg]
[themeforest.wprealizer.com/preview-saasto/sassto/assets/images/shapes/hero-dots.svg]
[themeforest.wprealizer.com/preview-saasto/sassto/assets/images/Icons/user_three.svg]
[themeforest.wprealizer.com/preview-saasto/sassto/assets/images/Icons/download.svg]
[themeforest.wprealizer.com/preview-saasto/sassto/assets/images/Icons/user_two.svg]
[themeforest.wprealizer.com/preview-saasto/sassto/assets/images/Icons/time-circle.svg]
[themeforest.wprealizer.com/preview-saasto/sassto/assets/images/Icons/Chart.svg]
[themeforest.wprealizer.com/preview-saasto/sassto/assets/images/Icons/Graph.svg]
[themeforest.wprealizer.com/preview-saasto/sassto/assets/images/shapes/features-line-vactor.svg]
[themeforest.wprealizer.com/preview-saasto/sassto/assets/images/shapes/features-dots.svg]
[themeforest.wprealizer.com/preview-saasto/sassto/assets/images/Icons/form-Icon.svg]
[themeforest.wprealizer.com/preview-saasto/sassto/assets/images/shapes/ring-text-highlighter.svg]
[themeforest.wprealizer.com/preview-saasto/sassto/assets/images/shapes/ring-text-highlighter-two.svg]
[themeforest.wprealizer.com/preview-saasto/sassto/assets/images/shapes/ring-text-highlighter-three.svg]
[themeforest.wprealizer.com/preview-saasto/sassto/assets/images/Icons/swap-icon-g.svg]
[themeforest.wprealizer.com/preview-saasto/sassto/assets/images/Icons/wallet-icon-g.svg]
[themeforest.wprealizer.com/preview-saasto/sassto/assets/images/Icons/paper-plus-icon-g.svg]
[themeforest.wprealizer.com/preview-saasto/sassto/assets/images/Icons/history-icon-g.svg]
[themeforest.wprealizer.com/preview-saasto/sassto/assets/images/shapes/ring-text-highlighter-four.svg]
[themeforest.wprealizer.com/preview-saasto/sassto/assets/images/Icons/green-doller-icon.svg]
[themeforest.wprealizer.com/preview-saasto/sassto/assets/images/Icons/green-lock-icon.svg]
[themeforest.wprealizer.com/preview-saasto/sassto/assets/images/Icons/green-finger-icon.svg]
[themeforest.wprealizer.com/preview-saasto/sassto/assets/images/Icons/green-qr-icon.svg]
[themeforest.wprealizer.com/preview-saasto/sassto/assets/images/shapes/line-svg-blue.svg]
[themeforest.wprealizer.com/preview-saasto/sassto/assets/images/shapes/line-svg-yellow.svg]
[themeforest.wprealizer.com/preview-saasto/sassto/assets/images/Icons/tick-square-icon.svg]
[themeforest.wprealizer.com/preview-saasto/sassto/assets/images/Icons/line-chart.svg]
